Archive member included to satisfy reference by file (symbol)

c:/st/stm32cubeide_1.3.0/stm32cubeide/plugins/com.st.stm32cube.ide.mcu.externaltools.gnu-tools-for-stm32.7-2018-q2-update.win32_1.0.0.201904181610/tools/bin/../lib/gcc/arm-none-eabi/7.3.1/../../../../arm-none-eabi/lib/thumb/v7e-m/fpv4-sp/hard\libc_nano.a(lib_a-exit.o)
                              c:/st/stm32cubeide_1.3.0/stm32cubeide/plugins/com.st.stm32cube.ide.mcu.externaltools.gnu-tools-for-stm32.7-2018-q2-update.win32_1.0.0.201904181610/tools/bin/../lib/gcc/arm-none-eabi/7.3.1/../../../../arm-none-eabi/lib/thumb/v7e-m/fpv4-sp/hard/crt0.o (exit)
c:/st/stm32cubeide_1.3.0/stm32cubeide/plugins/com.st.stm32cube.ide.mcu.externaltools.gnu-tools-for-stm32.7-2018-q2-update.win32_1.0.0.201904181610/tools/bin/../lib/gcc/arm-none-eabi/7.3.1/../../../../arm-none-eabi/lib/thumb/v7e-m/fpv4-sp/hard\libc_nano.a(lib_a-impure.o)
                              c:/st/stm32cubeide_1.3.0/stm32cubeide/plugins/com.st.stm32cube.ide.mcu.externaltools.gnu-tools-for-stm32.7-2018-q2-update.win32_1.0.0.201904181610/tools/bin/../lib/gcc/arm-none-eabi/7.3.1/../../../../arm-none-eabi/lib/thumb/v7e-m/fpv4-sp/hard\libc_nano.a(lib_a-exit.o) (_global_impure_ptr)
c:/st/stm32cubeide_1.3.0/stm32cubeide/plugins/com.st.stm32cube.ide.mcu.externaltools.gnu-tools-for-stm32.7-2018-q2-update.win32_1.0.0.201904181610/tools/bin/../lib/gcc/arm-none-eabi/7.3.1/../../../../arm-none-eabi/lib/thumb/v7e-m/fpv4-sp/hard\libc_nano.a(lib_a-init.o)
                              c:/st/stm32cubeide_1.3.0/stm32cubeide/plugins/com.st.stm32cube.ide.mcu.externaltools.gnu-tools-for-stm32.7-2018-q2-update.win32_1.0.0.201904181610/tools/bin/../lib/gcc/arm-none-eabi/7.3.1/../../../../arm-none-eabi/lib/thumb/v7e-m/fpv4-sp/hard/crt0.o (__libc_init_array)
c:/st/stm32cubeide_1.3.0/stm32cubeide/plugins/com.st.stm32cube.ide.mcu.externaltools.gnu-tools-for-stm32.7-2018-q2-update.win32_1.0.0.201904181610/tools/bin/../lib/gcc/arm-none-eabi/7.3.1/../../../../arm-none-eabi/lib/thumb/v7e-m/fpv4-sp/hard\libc_nano.a(lib_a-memset.o)
                              c:/st/stm32cubeide_1.3.0/stm32cubeide/plugins/com.st.stm32cube.ide.mcu.externaltools.gnu-tools-for-stm32.7-2018-q2-update.win32_1.0.0.201904181610/tools/bin/../lib/gcc/arm-none-eabi/7.3.1/../../../../arm-none-eabi/lib/thumb/v7e-m/fpv4-sp/hard/crt0.o (memset)
c:/st/stm32cubeide_1.3.0/stm32cubeide/plugins/com.st.stm32cube.ide.mcu.externaltools.gnu-tools-for-stm32.7-2018-q2-update.win32_1.0.0.201904181610/tools/bin/../lib/gcc/arm-none-eabi/7.3.1/../../../../arm-none-eabi/lib/thumb/v7e-m/fpv4-sp/hard\libc_nano.a(lib_a-strlen.o)
                              src/011uart_tx.o (strlen)
c:/st/stm32cubeide_1.3.0/stm32cubeide/plugins/com.st.stm32cube.ide.mcu.externaltools.gnu-tools-for-stm32.7-2018-q2-update.win32_1.0.0.201904181610/tools/bin/../lib/gcc/arm-none-eabi/7.3.1/../../../../arm-none-eabi/lib/thumb/v7e-m/fpv4-sp/hard\libnosys.a(_exit.o)
                              c:/st/stm32cubeide_1.3.0/stm32cubeide/plugins/com.st.stm32cube.ide.mcu.externaltools.gnu-tools-for-stm32.7-2018-q2-update.win32_1.0.0.201904181610/tools/bin/../lib/gcc/arm-none-eabi/7.3.1/../../../../arm-none-eabi/lib/thumb/v7e-m/fpv4-sp/hard\libc_nano.a(lib_a-exit.o) (_exit)

Allocating common symbols
Common symbol       size              file

usart2_handle       0x24              src/011uart_tx.o

Discarded input sections

 .text          0x0000000000000000        0x0 c:/st/stm32cubeide_1.3.0/stm32cubeide/plugins/com.st.stm32cube.ide.mcu.externaltools.gnu-tools-for-stm32.7-2018-q2-update.win32_1.0.0.201904181610/tools/bin/../lib/gcc/arm-none-eabi/7.3.1/thumb/v7e-m/fpv4-sp/hard/crti.o
 .data          0x0000000000000000        0x0 c:/st/stm32cubeide_1.3.0/stm32cubeide/plugins/com.st.stm32cube.ide.mcu.externaltools.gnu-tools-for-stm32.7-2018-q2-update.win32_1.0.0.201904181610/tools/bin/../lib/gcc/arm-none-eabi/7.3.1/thumb/v7e-m/fpv4-sp/hard/crti.o
 .bss           0x0000000000000000        0x0 c:/st/stm32cubeide_1.3.0/stm32cubeide/plugins/com.st.stm32cube.ide.mcu.externaltools.gnu-tools-for-stm32.7-2018-q2-update.win32_1.0.0.201904181610/tools/bin/../lib/gcc/arm-none-eabi/7.3.1/thumb/v7e-m/fpv4-sp/hard/crti.o
 .data          0x0000000000000000        0x4 c:/st/stm32cubeide_1.3.0/stm32cubeide/plugins/com.st.stm32cube.ide.mcu.externaltools.gnu-tools-for-stm32.7-2018-q2-update.win32_1.0.0.201904181610/tools/bin/../lib/gcc/arm-none-eabi/7.3.1/thumb/v7e-m/fpv4-sp/hard/crtbegin.o
 .text          0x0000000000000000       0x74 c:/st/stm32cubeide_1.3.0/stm32cubeide/plugins/com.st.stm32cube.ide.mcu.externaltools.gnu-tools-for-stm32.7-2018-q2-update.win32_1.0.0.201904181610/tools/bin/../lib/gcc/arm-none-eabi/7.3.1/../../../../arm-none-eabi/lib/thumb/v7e-m/fpv4-sp/hard/crt0.o
 .data          0x0000000000000000        0x0 c:/st/stm32cubeide_1.3.0/stm32cubeide/plugins/com.st.stm32cube.ide.mcu.externaltools.gnu-tools-for-stm32.7-2018-q2-update.win32_1.0.0.201904181610/tools/bin/../lib/gcc/arm-none-eabi/7.3.1/../../../../arm-none-eabi/lib/thumb/v7e-m/fpv4-sp/hard/crt0.o
 .bss           0x0000000000000000        0x0 c:/st/stm32cubeide_1.3.0/stm32cubeide/plugins/com.st.stm32cube.ide.mcu.externaltools.gnu-tools-for-stm32.7-2018-q2-update.win32_1.0.0.201904181610/tools/bin/../lib/gcc/arm-none-eabi/7.3.1/../../../../arm-none-eabi/lib/thumb/v7e-m/fpv4-sp/hard/crt0.o
 .ARM.extab     0x0000000000000000        0x0 c:/st/stm32cubeide_1.3.0/stm32cubeide/plugins/com.st.stm32cube.ide.mcu.externaltools.gnu-tools-for-stm32.7-2018-q2-update.win32_1.0.0.201904181610/tools/bin/../lib/gcc/arm-none-eabi/7.3.1/../../../../arm-none-eabi/lib/thumb/v7e-m/fpv4-sp/hard/crt0.o
 .ARM.exidx     0x0000000000000000        0x8 c:/st/stm32cubeide_1.3.0/stm32cubeide/plugins/com.st.stm32cube.ide.mcu.externaltools.gnu-tools-for-stm32.7-2018-q2-update.win32_1.0.0.201904181610/tools/bin/../lib/gcc/arm-none-eabi/7.3.1/../../../../arm-none-eabi/lib/thumb/v7e-m/fpv4-sp/hard/crt0.o
 .ARM.attributes
                0x0000000000000000       0x20 c:/st/stm32cubeide_1.3.0/stm32cubeide/plugins/com.st.stm32cube.ide.mcu.externaltools.gnu-tools-for-stm32.7-2018-q2-update.win32_1.0.0.201904181610/tools/bin/../lib/gcc/arm-none-eabi/7.3.1/../../../../arm-none-eabi/lib/thumb/v7e-m/fpv4-sp/hard/crt0.o
 .text          0x0000000000000000       0x14 Startup/startup_stm32f407vgtx.o
 .data          0x0000000000000000        0x0 Startup/startup_stm32f407vgtx.o
 .bss           0x0000000000000000        0x0 Startup/startup_stm32f407vgtx.o
 .group         0x0000000000000000        0xc drivers/src/stm32f407xx_gpio_driver.o
 .group         0x0000000000000000        0xc drivers/src/stm32f407xx_gpio_driver.o
 .group         0x0000000000000000        0xc drivers/src/stm32f407xx_gpio_driver.o
 .group         0x0000000000000000        0xc drivers/src/stm32f407xx_gpio_driver.o
 .group         0x0000000000000000        0xc drivers/src/stm32f407xx_gpio_driver.o
 .group         0x0000000000000000        0xc drivers/src/stm32f407xx_gpio_driver.o
 .group         0x0000000000000000        0xc drivers/src/stm32f407xx_gpio_driver.o
 .group         0x0000000000000000        0xc drivers/src/stm32f407xx_gpio_driver.o
 .group         0x0000000000000000        0xc drivers/src/stm32f407xx_gpio_driver.o
 .group         0x0000000000000000        0xc drivers/src/stm32f407xx_gpio_driver.o
 .group         0x0000000000000000        0xc drivers/src/stm32f407xx_gpio_driver.o
 .group         0x0000000000000000        0xc drivers/src/stm32f407xx_gpio_driver.o
 .group         0x0000000000000000        0xc drivers/src/stm32f407xx_gpio_driver.o
 .text          0x0000000000000000        0x0 drivers/src/stm32f407xx_gpio_driver.o
 .data          0x0000000000000000        0x0 drivers/src/stm32f407xx_gpio_driver.o
 .bss           0x0000000000000000        0x0 drivers/src/stm32f407xx_gpio_driver.o
 .text.GPIO_DeInit
                0x0000000000000000      0x16c drivers/src/stm32f407xx_gpio_driver.o
 .text.GPIO_ReadFromInputPort
                0x0000000000000000       0x1c drivers/src/stm32f407xx_gpio_driver.o
 .text.GPIO_WriteToOutputPin
                0x0000000000000000       0x4a drivers/src/stm32f407xx_gpio_driver.o
 .text.GPIO_WriteToOutputPort
                0x0000000000000000       0x1e drivers/src/stm32f407xx_gpio_driver.o
 .text.GPIO_ToggleOutputPin
                0x0000000000000000       0x2a drivers/src/stm32f407xx_gpio_driver.o
 .text.GPIO_IRQInterruptConfig
                0x0000000000000000      0x10c drivers/src/stm32f407xx_gpio_driver.o
 .text.GPIO_IRQPriorityConfig
                0x0000000000000000       0x54 drivers/src/stm32f407xx_gpio_driver.o
 .text.GPIO_IRQHandling
                0x0000000000000000       0x40 drivers/src/stm32f407xx_gpio_driver.o
 .group         0x0000000000000000        0xc drivers/src/stm32f407xx_i2c_driver.o
 .group         0x0000000000000000        0xc drivers/src/stm32f407xx_i2c_driver.o
 .group         0x0000000000000000        0xc drivers/src/stm32f407xx_i2c_driver.o
 .group         0x0000000000000000        0xc drivers/src/stm32f407xx_i2c_driver.o
 .group         0x0000000000000000        0xc drivers/src/stm32f407xx_i2c_driver.o
 .group         0x0000000000000000        0xc drivers/src/stm32f407xx_i2c_driver.o
 .group         0x0000000000000000        0xc drivers/src/stm32f407xx_i2c_driver.o
 .group         0x0000000000000000        0xc drivers/src/stm32f407xx_i2c_driver.o
 .group         0x0000000000000000        0xc drivers/src/stm32f407xx_i2c_driver.o
 .group         0x0000000000000000        0xc drivers/src/stm32f407xx_i2c_driver.o
 .group         0x0000000000000000        0xc drivers/src/stm32f407xx_i2c_driver.o
 .group         0x0000000000000000        0xc drivers/src/stm32f407xx_i2c_driver.o
 .group         0x0000000000000000        0xc drivers/src/stm32f407xx_i2c_driver.o
 .text          0x0000000000000000        0x0 drivers/src/stm32f407xx_i2c_driver.o
 .data          0x0000000000000000        0x0 drivers/src/stm32f407xx_i2c_driver.o
 .bss           0x0000000000000000        0x0 drivers/src/stm32f407xx_i2c_driver.o
 .text.I2C_GenerateStartCondition
                0x0000000000000000       0x20 drivers/src/stm32f407xx_i2c_driver.o
 .text.I2C_ExecuteAddressPhaseWrite
                0x0000000000000000       0x2c drivers/src/stm32f407xx_i2c_driver.o
 .text.I2C_ExecuteAddressPhaseRead
                0x0000000000000000       0x2c drivers/src/stm32f407xx_i2c_driver.o
 .text.I2C_ClearADDRFlag
                0x0000000000000000       0x6e drivers/src/stm32f407xx_i2c_driver.o
 .text.I2C_GenerateStopCondition
                0x0000000000000000       0x20 drivers/src/stm32f407xx_i2c_driver.o
 .text.I2C_SlaveEnableDisableCallbackEvents
                0x0000000000000000       0x68 drivers/src/stm32f407xx_i2c_driver.o
 .text.I2C_PeriClockControl
                0x0000000000000000       0xb0 drivers/src/stm32f407xx_i2c_driver.o
 .text.I2C_Init
                0x0000000000000000      0x168 drivers/src/stm32f407xx_i2c_driver.o
 .text.I2C_DeInit
                0x0000000000000000       0x88 drivers/src/stm32f407xx_i2c_driver.o
 .text.I2C_GetFlagStatus
                0x0000000000000000       0x28 drivers/src/stm32f407xx_i2c_driver.o
 .text.I2C_PeripheralControl
                0x0000000000000000       0x38 drivers/src/stm32f407xx_i2c_driver.o
 .text.I2C_MasterSendData
                0x0000000000000000       0xc6 drivers/src/stm32f407xx_i2c_driver.o
 .text.I2C_MasterReceiveData
                0x0000000000000000      0x11c drivers/src/stm32f407xx_i2c_driver.o
 .text.I2C_ManageAcking
                0x0000000000000000       0x38 drivers/src/stm32f407xx_i2c_driver.o
 .text.I2C_MasterSendDataIT
                0x0000000000000000       0x86 drivers/src/stm32f407xx_i2c_driver.o
 .text.I2C_MasterReceiveDataIT
                0x0000000000000000       0x8c drivers/src/stm32f407xx_i2c_driver.o
 .text.I2C_SlaveSendData
                0x0000000000000000       0x1e drivers/src/stm32f407xx_i2c_driver.o
 .text.I2C_SlaveReceiveData
                0x0000000000000000       0x1a drivers/src/stm32f407xx_i2c_driver.o
 .text.I2C_IRQInterruptConfig
                0x0000000000000000      0x10c drivers/src/stm32f407xx_i2c_driver.o
 .text.I2C_IRQPriorityConfig
                0x0000000000000000       0x54 drivers/src/stm32f407xx_i2c_driver.o
 .text.I2C_MasterHandleTXEInterrupt
                0x0000000000000000       0x3c drivers/src/stm32f407xx_i2c_driver.o
 .text.I2C_MasterHandleRXNEInterrupt
                0x0000000000000000       0x9a drivers/src/stm32f407xx_i2c_driver.o
 .text.I2C_CloseSendData
                0x0000000000000000       0x46 drivers/src/stm32f407xx_i2c_driver.o
 .text.I2C_CloseReceiveData
                0x0000000000000000       0x5c drivers/src/stm32f407xx_i2c_driver.o
 .text.I2C_EV_IRQHandling
                0x0000000000000000      0x1c0 drivers/src/stm32f407xx_i2c_driver.o
 .text.I2C_ER_IRQHandling
                0x0000000000000000      0x10c drivers/src/stm32f407xx_i2c_driver.o
 .debug_info    0x0000000000000000      0xa03 drivers/src/stm32f407xx_i2c_driver.o
 .debug_abbrev  0x0000000000000000      0x1ee drivers/src/stm32f407xx_i2c_driver.o
 .debug_aranges
                0x0000000000000000       0xe8 drivers/src/stm32f407xx_i2c_driver.o
 .debug_ranges  0x0000000000000000       0xd8 drivers/src/stm32f407xx_i2c_driver.o
 .debug_macro   0x0000000000000000       0xc2 drivers/src/stm32f407xx_i2c_driver.o
 .debug_macro   0x0000000000000000      0xa66 drivers/src/stm32f407xx_i2c_driver.o
 .debug_macro   0x0000000000000000      0x174 drivers/src/stm32f407xx_i2c_driver.o
 .debug_macro   0x0000000000000000       0x22 drivers/src/stm32f407xx_i2c_driver.o
 .debug_macro   0x0000000000000000       0x8e drivers/src/stm32f407xx_i2c_driver.o
 .debug_macro   0x0000000000000000       0x51 drivers/src/stm32f407xx_i2c_driver.o
 .debug_macro   0x0000000000000000       0xef drivers/src/stm32f407xx_i2c_driver.o
 .debug_macro   0x0000000000000000       0x6a drivers/src/stm32f407xx_i2c_driver.o
 .debug_macro   0x0000000000000000      0x1df drivers/src/stm32f407xx_i2c_driver.o
 .debug_macro   0x0000000000000000      0x8ea drivers/src/stm32f407xx_i2c_driver.o
 .debug_macro   0x0000000000000000       0xc4 drivers/src/stm32f407xx_i2c_driver.o
 .debug_macro   0x0000000000000000       0xe8 drivers/src/stm32f407xx_i2c_driver.o
 .debug_macro   0x0000000000000000      0x136 drivers/src/stm32f407xx_i2c_driver.o
 .debug_macro   0x0000000000000000       0xdc drivers/src/stm32f407xx_i2c_driver.o
 .debug_line    0x0000000000000000      0x853 drivers/src/stm32f407xx_i2c_driver.o
 .debug_str     0x0000000000000000     0x7cb3 drivers/src/stm32f407xx_i2c_driver.o
 .comment       0x0000000000000000       0x7c drivers/src/stm32f407xx_i2c_driver.o
 .debug_frame   0x0000000000000000      0x3f8 drivers/src/stm32f407xx_i2c_driver.o
 .ARM.attributes
                0x0000000000000000       0x39 drivers/src/stm32f407xx_i2c_driver.o
 .group         0x0000000000000000        0xc drivers/src/stm32f407xx_rcc_driver.o
 .group         0x0000000000000000        0xc drivers/src/stm32f407xx_rcc_driver.o
 .group         0x0000000000000000        0xc drivers/src/stm32f407xx_rcc_driver.o
 .group         0x0000000000000000        0xc drivers/src/stm32f407xx_rcc_driver.o
 .group         0x0000000000000000        0xc drivers/src/stm32f407xx_rcc_driver.o
 .group         0x0000000000000000        0xc drivers/src/stm32f407xx_rcc_driver.o
 .group         0x0000000000000000        0xc drivers/src/stm32f407xx_rcc_driver.o
 .group         0x0000000000000000        0xc drivers/src/stm32f407xx_rcc_driver.o
 .group         0x0000000000000000        0xc drivers/src/stm32f407xx_rcc_driver.o
 .group         0x0000000000000000        0xc drivers/src/stm32f407xx_rcc_driver.o
 .group         0x0000000000000000        0xc drivers/src/stm32f407xx_rcc_driver.o
 .group         0x0000000000000000        0xc drivers/src/stm32f407xx_rcc_driver.o
 .group         0x0000000000000000        0xc drivers/src/stm32f407xx_rcc_driver.o
 .text          0x0000000000000000        0x0 drivers/src/stm32f407xx_rcc_driver.o
 .data          0x0000000000000000        0x0 drivers/src/stm32f407xx_rcc_driver.o
 .bss           0x0000000000000000        0x0 drivers/src/stm32f407xx_rcc_driver.o
 .debug_macro   0x0000000000000000      0xa66 drivers/src/stm32f407xx_rcc_driver.o
 .debug_macro   0x0000000000000000      0x174 drivers/src/stm32f407xx_rcc_driver.o
 .debug_macro   0x0000000000000000       0x22 drivers/src/stm32f407xx_rcc_driver.o
 .debug_macro   0x0000000000000000       0x8e drivers/src/stm32f407xx_rcc_driver.o
 .debug_macro   0x0000000000000000       0x51 drivers/src/stm32f407xx_rcc_driver.o
 .debug_macro   0x0000000000000000       0xef drivers/src/stm32f407xx_rcc_driver.o
 .debug_macro   0x0000000000000000       0x6a drivers/src/stm32f407xx_rcc_driver.o
 .debug_macro   0x0000000000000000      0x1df drivers/src/stm32f407xx_rcc_driver.o
 .debug_macro   0x0000000000000000      0x8ea drivers/src/stm32f407xx_rcc_driver.o
 .debug_macro   0x0000000000000000       0xc4 drivers/src/stm32f407xx_rcc_driver.o
 .debug_macro   0x0000000000000000       0xe8 drivers/src/stm32f407xx_rcc_driver.o
 .debug_macro   0x0000000000000000       0xe2 drivers/src/stm32f407xx_rcc_driver.o
 .debug_macro   0x0000000000000000      0x136 drivers/src/stm32f407xx_rcc_driver.o
 .group         0x0000000000000000        0xc drivers/src/stm32f407xx_spi_driver.o
 .group         0x0000000000000000        0xc drivers/src/stm32f407xx_spi_driver.o
 .group         0x0000000000000000        0xc drivers/src/stm32f407xx_spi_driver.o
 .group         0x0000000000000000        0xc drivers/src/stm32f407xx_spi_driver.o
 .group         0x0000000000000000        0xc drivers/src/stm32f407xx_spi_driver.o
 .group         0x0000000000000000        0xc drivers/src/stm32f407xx_spi_driver.o
 .group         0x0000000000000000        0xc drivers/src/stm32f407xx_spi_driver.o
 .group         0x0000000000000000        0xc drivers/src/stm32f407xx_spi_driver.o
 .group         0x0000000000000000        0xc drivers/src/stm32f407xx_spi_driver.o
 .group         0x0000000000000000        0xc drivers/src/stm32f407xx_spi_driver.o
 .group         0x0000000000000000        0xc drivers/src/stm32f407xx_spi_driver.o
 .group         0x0000000000000000        0xc drivers/src/stm32f407xx_spi_driver.o
 .group         0x0000000000000000        0xc drivers/src/stm32f407xx_spi_driver.o
 .text          0x0000000000000000        0x0 drivers/src/stm32f407xx_spi_driver.o
 .data          0x0000000000000000        0x0 drivers/src/stm32f407xx_spi_driver.o
 .bss           0x0000000000000000        0x0 drivers/src/stm32f407xx_spi_driver.o
 .text.SPI_PeriClockControl
                0x0000000000000000       0xb0 drivers/src/stm32f407xx_spi_driver.o
 .text.SPI_Init
                0x0000000000000000       0xb6 drivers/src/stm32f407xx_spi_driver.o
 .text.SPI_DeInit
                0x0000000000000000       0x88 drivers/src/stm32f407xx_spi_driver.o
 .text.SPI_GetFlagStatus
                0x0000000000000000       0x28 drivers/src/stm32f407xx_spi_driver.o
 .text.SPI_SendData
                0x0000000000000000       0x6c drivers/src/stm32f407xx_spi_driver.o
 .text.SPI_ReceiveData
                0x0000000000000000       0x6c drivers/src/stm32f407xx_spi_driver.o
 .text.SPI_PeripheralControl
                0x0000000000000000       0x38 drivers/src/stm32f407xx_spi_driver.o
 .text.SPI_SSOEConfig
                0x0000000000000000       0x38 drivers/src/stm32f407xx_spi_driver.o
 .text.SPI_SSIConfig
                0x0000000000000000       0x38 drivers/src/stm32f407xx_spi_driver.o
 .text.SPI_IRQInterruptConfig
                0x0000000000000000      0x10c drivers/src/stm32f407xx_spi_driver.o
 .text.SPI_IRQPriorityConfig
                0x0000000000000000       0x54 drivers/src/stm32f407xx_spi_driver.o
 .text.SPI_IRQHandling
                0x0000000000000000       0x9a drivers/src/stm32f407xx_spi_driver.o
 .text.SPI_SendDataIT
                0x0000000000000000       0x48 drivers/src/stm32f407xx_spi_driver.o
 .text.SPI_ReceiveDataIT
                0x0000000000000000       0x48 drivers/src/stm32f407xx_spi_driver.o
 .text.spi_txe_interrupt_handle
                0x0000000000000000       0x80 drivers/src/stm32f407xx_spi_driver.o
 .text.spi_rxne_interrupt_handle
                0x0000000000000000       0x84 drivers/src/stm32f407xx_spi_driver.o
 .text.spi_ovr_interrupt_handle
                0x0000000000000000       0x30 drivers/src/stm32f407xx_spi_driver.o
 .text.SPI_ClearOVRFlag
                0x0000000000000000       0x20 drivers/src/stm32f407xx_spi_driver.o
 .text.SPI_CloseTransmission
                0x0000000000000000       0x36 drivers/src/stm32f407xx_spi_driver.o
 .text.SPI_CloseReception
                0x0000000000000000       0x36 drivers/src/stm32f407xx_spi_driver.o
 .text.SPI_ApplicationEventCallback
                0x0000000000000000       0x18 drivers/src/stm32f407xx_spi_driver.o
 .debug_info    0x0000000000000000      0x86e drivers/src/stm32f407xx_spi_driver.o
 .debug_abbrev  0x0000000000000000      0x19f drivers/src/stm32f407xx_spi_driver.o
 .debug_aranges
                0x0000000000000000       0xc0 drivers/src/stm32f407xx_spi_driver.o
 .debug_ranges  0x0000000000000000       0xb0 drivers/src/stm32f407xx_spi_driver.o
 .debug_macro   0x0000000000000000       0xc2 drivers/src/stm32f407xx_spi_driver.o
 .debug_macro   0x0000000000000000      0xa66 drivers/src/stm32f407xx_spi_driver.o
 .debug_macro   0x0000000000000000      0x174 drivers/src/stm32f407xx_spi_driver.o
 .debug_macro   0x0000000000000000       0x22 drivers/src/stm32f407xx_spi_driver.o
 .debug_macro   0x0000000000000000       0x8e drivers/src/stm32f407xx_spi_driver.o
 .debug_macro   0x0000000000000000       0x51 drivers/src/stm32f407xx_spi_driver.o
 .debug_macro   0x0000000000000000       0xef drivers/src/stm32f407xx_spi_driver.o
 .debug_macro   0x0000000000000000       0x6a drivers/src/stm32f407xx_spi_driver.o
 .debug_macro   0x0000000000000000      0x1df drivers/src/stm32f407xx_spi_driver.o
 .debug_macro   0x0000000000000000      0x8ea drivers/src/stm32f407xx_spi_driver.o
 .debug_macro   0x0000000000000000       0xc4 drivers/src/stm32f407xx_spi_driver.o
 .debug_macro   0x0000000000000000       0xe2 drivers/src/stm32f407xx_spi_driver.o
 .debug_macro   0x0000000000000000      0x136 drivers/src/stm32f407xx_spi_driver.o
 .debug_macro   0x0000000000000000       0xe2 drivers/src/stm32f407xx_spi_driver.o
 .debug_line    0x0000000000000000      0x6ee drivers/src/stm32f407xx_spi_driver.o
 .debug_str     0x0000000000000000     0x7bd7 drivers/src/stm32f407xx_spi_driver.o
 .comment       0x0000000000000000       0x7c drivers/src/stm32f407xx_spi_driver.o
 .debug_frame   0x0000000000000000      0x33c drivers/src/stm32f407xx_spi_driver.o
 .ARM.attributes
                0x0000000000000000       0x39 drivers/src/stm32f407xx_spi_driver.o
 .group         0x0000000000000000        0xc drivers/src/stm32f407xx_usart_driver.o
 .group         0x0000000000000000        0xc drivers/src/stm32f407xx_usart_driver.o
 .group         0x0000000000000000        0xc drivers/src/stm32f407xx_usart_driver.o
 .group         0x0000000000000000        0xc drivers/src/stm32f407xx_usart_driver.o
 .group         0x0000000000000000        0xc drivers/src/stm32f407xx_usart_driver.o
 .group         0x0000000000000000        0xc drivers/src/stm32f407xx_usart_driver.o
 .group         0x0000000000000000        0xc drivers/src/stm32f407xx_usart_driver.o
 .group         0x0000000000000000        0xc drivers/src/stm32f407xx_usart_driver.o
 .group         0x0000000000000000        0xc drivers/src/stm32f407xx_usart_driver.o
 .group         0x0000000000000000        0xc drivers/src/stm32f407xx_usart_driver.o
 .group         0x0000000000000000        0xc drivers/src/stm32f407xx_usart_driver.o
 .group         0x0000000000000000        0xc drivers/src/stm32f407xx_usart_driver.o
 .group         0x0000000000000000        0xc drivers/src/stm32f407xx_usart_driver.o
 .text          0x0000000000000000        0x0 drivers/src/stm32f407xx_usart_driver.o
 .data          0x0000000000000000        0x0 drivers/src/stm32f407xx_usart_driver.o
 .bss           0x0000000000000000        0x0 drivers/src/stm32f407xx_usart_driver.o
 .text.USART_DeInit
                0x0000000000000000      0x148 drivers/src/stm32f407xx_usart_driver.o
 .text.USART_ReceiveData
                0x0000000000000000       0xae drivers/src/stm32f407xx_usart_driver.o
 .text.USART_SendDataIT
                0x0000000000000000       0x5c drivers/src/stm32f407xx_usart_driver.o
 .text.USART_ReceiveDataIT
                0x0000000000000000       0x52 drivers/src/stm32f407xx_usart_driver.o
 .text.USART_IRQInterruptConfig
                0x0000000000000000      0x10c drivers/src/stm32f407xx_usart_driver.o
 .text.USART_IRQPriorityConfig
                0x0000000000000000       0x54 drivers/src/stm32f407xx_usart_driver.o
 .text.USART_IRQHandling
                0x0000000000000000      0x352 drivers/src/stm32f407xx_usart_driver.o
 .text.USART_ClearFlag
                0x0000000000000000       0x26 drivers/src/stm32f407xx_usart_driver.o
 .text.USART_ApplicationEventCallback
                0x0000000000000000       0x18 drivers/src/stm32f407xx_usart_driver.o
 .debug_macro   0x0000000000000000      0xa66 drivers/src/stm32f407xx_usart_driver.o
 .debug_macro   0x0000000000000000      0x174 drivers/src/stm32f407xx_usart_driver.o
 .debug_macro   0x0000000000000000       0x22 drivers/src/stm32f407xx_usart_driver.o
 .debug_macro   0x0000000000000000       0x8e drivers/src/stm32f407xx_usart_driver.o
 .debug_macro   0x0000000000000000       0x51 drivers/src/stm32f407xx_usart_driver.o
 .debug_macro   0x0000000000000000       0xef drivers/src/stm32f407xx_usart_driver.o
 .debug_macro   0x0000000000000000       0x6a drivers/src/stm32f407xx_usart_driver.o
 .debug_macro   0x0000000000000000      0x1df drivers/src/stm32f407xx_usart_driver.o
 .debug_macro   0x0000000000000000      0x8ea drivers/src/stm32f407xx_usart_driver.o
 .debug_macro   0x0000000000000000       0xc4 drivers/src/stm32f407xx_usart_driver.o
 .debug_macro   0x0000000000000000       0xe8 drivers/src/stm32f407xx_usart_driver.o
 .debug_macro   0x0000000000000000       0xe2 drivers/src/stm32f407xx_usart_driver.o
 .group         0x0000000000000000        0xc src/011uart_tx.o
 .group         0x0000000000000000        0xc src/011uart_tx.o
 .group         0x0000000000000000        0xc src/011uart_tx.o
 .group         0x0000000000000000        0xc src/011uart_tx.o
 .group         0x0000000000000000        0xc src/011uart_tx.o
 .group         0x0000000000000000        0xc src/011uart_tx.o
 .group         0x0000000000000000        0xc src/011uart_tx.o
 .group         0x0000000000000000        0xc src/011uart_tx.o
 .group         0x0000000000000000        0xc src/011uart_tx.o
 .group         0x0000000000000000        0xc src/011uart_tx.o
 .group         0x0000000000000000        0xc src/011uart_tx.o
 .group         0x0000000000000000        0xc src/011uart_tx.o
 .group         0x0000000000000000        0xc src/011uart_tx.o
 .group         0x0000000000000000        0xc src/011uart_tx.o
 .group         0x0000000000000000        0xc src/011uart_tx.o
 .group         0x0000000000000000        0xc src/011uart_tx.o
 .group         0x0000000000000000        0xc src/011uart_tx.o
 .group         0x0000000000000000        0xc src/011uart_tx.o
 .group         0x0000000000000000        0xc src/011uart_tx.o
 .group         0x0000000000000000        0xc src/011uart_tx.o
 .group         0x0000000000000000        0xc src/011uart_tx.o
 .group         0x0000000000000000        0xc src/011uart_tx.o
 .group         0x0000000000000000        0xc src/011uart_tx.o
 .group         0x0000000000000000        0xc src/011uart_tx.o
 .group         0x0000000000000000        0xc src/011uart_tx.o
 .group         0x0000000000000000        0xc src/011uart_tx.o
 .group         0x0000000000000000        0xc src/011uart_tx.o
 .group         0x0000000000000000        0xc src/011uart_tx.o
 .group         0x0000000000000000        0xc src/011uart_tx.o
 .group         0x0000000000000000        0xc src/011uart_tx.o
 .group         0x0000000000000000        0xc src/011uart_tx.o
 .group         0x0000000000000000        0xc src/011uart_tx.o
 .group         0x0000000000000000        0xc src/011uart_tx.o
 .group         0x0000000000000000        0xc src/011uart_tx.o
 .group         0x0000000000000000        0xc src/011uart_tx.o
 .group         0x0000000000000000        0xc src/011uart_tx.o
 .group         0x0000000000000000        0xc src/011uart_tx.o
 .group         0x0000000000000000        0xc src/011uart_tx.o
 .group         0x0000000000000000        0xc src/011uart_tx.o
 .group         0x0000000000000000        0xc src/011uart_tx.o
 .text          0x0000000000000000        0x0 src/011uart_tx.o
 .data          0x0000000000000000        0x0 src/011uart_tx.o
 .bss           0x0000000000000000        0x0 src/011uart_tx.o
 .debug_macro   0x0000000000000000      0xa66 src/011uart_tx.o
 .debug_macro   0x0000000000000000       0x22 src/011uart_tx.o
 .debug_macro   0x0000000000000000       0x6a src/011uart_tx.o
 .debug_macro   0x0000000000000000       0xef src/011uart_tx.o
 .debug_macro   0x0000000000000000      0x1df src/011uart_tx.o
 .debug_macro   0x0000000000000000      0x8ea src/011uart_tx.o
 .debug_macro   0x0000000000000000       0xc4 src/011uart_tx.o
 .debug_macro   0x0000000000000000       0xe8 src/011uart_tx.o
 .debug_macro   0x0000000000000000       0xe2 src/011uart_tx.o
 .debug_macro   0x0000000000000000      0x136 src/011uart_tx.o
 .text          0x0000000000000000        0x0 c:/st/stm32cubeide_1.3.0/stm32cubeide/plugins/com.st.stm32cube.ide.mcu.externaltools.gnu-tools-for-stm32.7-2018-q2-update.win32_1.0.0.201904181610/tools/bin/../lib/gcc/arm-none-eabi/7.3.1/../../../../arm-none-eabi/lib/thumb/v7e-m/fpv4-sp/hard\libc_nano.a(lib_a-exit.o)
 .data          0x0000000000000000        0x0 c:/st/stm32cubeide_1.3.0/stm32cubeide/plugins/com.st.stm32cube.ide.mcu.externaltools.gnu-tools-for-stm32.7-2018-q2-update.win32_1.0.0.201904181610/tools/bin/../lib/gcc/arm-none-eabi/7.3.1/../../../../arm-none-eabi/lib/thumb/v7e-m/fpv4-sp/hard\libc_nano.a(lib_a-exit.o)
 .bss           0x0000000000000000        0x0 c:/st/stm32cubeide_1.3.0/stm32cubeide/plugins/com.st.stm32cube.ide.mcu.externaltools.gnu-tools-for-stm32.7-2018-q2-update.win32_1.0.0.201904181610/tools/bin/../lib/gcc/arm-none-eabi/7.3.1/../../../../arm-none-eabi/lib/thumb/v7e-m/fpv4-sp/hard\libc_nano.a(lib_a-exit.o)
 .text.exit     0x0000000000000000       0x28 c:/st/stm32cubeide_1.3.0/stm32cubeide/plugins/com.st.stm32cube.ide.mcu.externaltools.gnu-tools-for-stm32.7-2018-q2-update.win32_1.0.0.201904181610/tools/bin/../lib/gcc/arm-none-eabi/7.3.1/../../../../arm-none-eabi/lib/thumb/v7e-m/fpv4-sp/hard\libc_nano.a(lib_a-exit.o)
 .debug_frame   0x0000000000000000       0x28 c:/st/stm32cubeide_1.3.0/stm32cubeide/plugins/com.st.stm32cube.ide.mcu.externaltools.gnu-tools-for-stm32.7-2018-q2-update.win32_1.0.0.201904181610/tools/bin/../lib/gcc/arm-none-eabi/7.3.1/../../../../arm-none-eabi/lib/thumb/v7e-m/fpv4-sp/hard\libc_nano.a(lib_a-exit.o)
 .ARM.attributes
                0x0000000000000000       0x34 c:/st/stm32cubeide_1.3.0/stm32cubeide/plugins/com.st.stm32cube.ide.mcu.externaltools.gnu-tools-for-stm32.7-2018-q2-update.win32_1.0.0.201904181610/tools/bin/../lib/gcc/arm-none-eabi/7.3.1/../../../../arm-none-eabi/lib/thumb/v7e-m/fpv4-sp/hard\libc_nano.a(lib_a-exit.o)
 .text          0x0000000000000000        0x0 c:/st/stm32cubeide_1.3.0/stm32cubeide/plugins/com.st.stm32cube.ide.mcu.externaltools.gnu-tools-for-stm32.7-2018-q2-update.win32_1.0.0.201904181610/tools/bin/../lib/gcc/arm-none-eabi/7.3.1/../../../../arm-none-eabi/lib/thumb/v7e-m/fpv4-sp/hard\libc_nano.a(lib_a-impure.o)
 .data          0x0000000000000000        0x0 c:/st/stm32cubeide_1.3.0/stm32cubeide/plugins/com.st.stm32cube.ide.mcu.externaltools.gnu-tools-for-stm32.7-2018-q2-update.win32_1.0.0.201904181610/tools/bin/../lib/gcc/arm-none-eabi/7.3.1/../../../../arm-none-eabi/lib/thumb/v7e-m/fpv4-sp/hard\libc_nano.a(lib_a-impure.o)
 .bss           0x0000000000000000        0x0 c:/st/stm32cubeide_1.3.0/stm32cubeide/plugins/com.st.stm32cube.ide.mcu.externaltools.gnu-tools-for-stm32.7-2018-q2-update.win32_1.0.0.201904181610/tools/bin/../lib/gcc/arm-none-eabi/7.3.1/../../../../arm-none-eabi/lib/thumb/v7e-m/fpv4-sp/hard\libc_nano.a(lib_a-impure.o)
 .data._impure_ptr
                0x0000000000000000        0x4 c:/st/stm32cubeide_1.3.0/stm32cubeide/plugins/com.st.stm32cube.ide.mcu.externaltools.gnu-tools-for-stm32.7-2018-q2-update.win32_1.0.0.201904181610/tools/bin/../lib/gcc/arm-none-eabi/7.3.1/../../../../arm-none-eabi/lib/thumb/v7e-m/fpv4-sp/hard\libc_nano.a(lib_a-impure.o)
 .data.impure_data
                0x0000000000000000       0x60 c:/st/stm32cubeide_1.3.0/stm32cubeide/plugins/com.st.stm32cube.ide.mcu.externaltools.gnu-tools-for-stm32.7-2018-q2-update.win32_1.0.0.201904181610/tools/bin/../lib/gcc/arm-none-eabi/7.3.1/../../../../arm-none-eabi/lib/thumb/v7e-m/fpv4-sp/hard\libc_nano.a(lib_a-impure.o)
 .rodata._global_impure_ptr
                0x0000000000000000        0x4 c:/st/stm32cubeide_1.3.0/stm32cubeide/plugins/com.st.stm32cube.ide.mcu.externaltools.gnu-tools-for-stm32.7-2018-q2-update.win32_1.0.0.201904181610/tools/bin/../lib/gcc/arm-none-eabi/7.3.1/../../../../arm-none-eabi/lib/thumb/v7e-m/fpv4-sp/hard\libc_nano.a(lib_a-impure.o)
 .ARM.attributes
                0x0000000000000000       0x34 c:/st/stm32cubeide_1.3.0/stm32cubeide/plugins/com.st.stm32cube.ide.mcu.externaltools.gnu-tools-for-stm32.7-2018-q2-update.win32_1.0.0.201904181610/tools/bin/../lib/gcc/arm-none-eabi/7.3.1/../../../../arm-none-eabi/lib/thumb/v7e-m/fpv4-sp/hard\libc_nano.a(lib_a-impure.o)
 .text          0x0000000000000000        0x0 c:/st/stm32cubeide_1.3.0/stm32cubeide/plugins/com.st.stm32cube.ide.mcu.externaltools.gnu-tools-for-stm32.7-2018-q2-update.win32_1.0.0.201904181610/tools/bin/../lib/gcc/arm-none-eabi/7.3.1/../../../../arm-none-eabi/lib/thumb/v7e-m/fpv4-sp/hard\libc_nano.a(lib_a-init.o)
 .data          0x0000000000000000        0x0 c:/st/stm32cubeide_1.3.0/stm32cubeide/plugins/com.st.stm32cube.ide.mcu.externaltools.gnu-tools-for-stm32.7-2018-q2-update.win32_1.0.0.201904181610/tools/bin/../lib/gcc/arm-none-eabi/7.3.1/../../../../arm-none-eabi/lib/thumb/v7e-m/fpv4-sp/hard\libc_nano.a(lib_a-init.o)
 .bss           0x0000000000000000        0x0 c:/st/stm32cubeide_1.3.0/stm32cubeide/plugins/com.st.stm32cube.ide.mcu.externaltools.gnu-tools-for-stm32.7-2018-q2-update.win32_1.0.0.201904181610/tools/bin/../lib/gcc/arm-none-eabi/7.3.1/../../../../arm-none-eabi/lib/thumb/v7e-m/fpv4-sp/hard\libc_nano.a(lib_a-init.o)
 .text          0x0000000000000000        0x0 c:/st/stm32cubeide_1.3.0/stm32cubeide/plugins/com.st.stm32cube.ide.mcu.externaltools.gnu-tools-for-stm32.7-2018-q2-update.win32_1.0.0.201904181610/tools/bin/../lib/gcc/arm-none-eabi/7.3.1/../../../../arm-none-eabi/lib/thumb/v7e-m/fpv4-sp/hard\libc_nano.a(lib_a-memset.o)
 .data          0x0000000000000000        0x0 c:/st/stm32cubeide_1.3.0/stm32cubeide/plugins/com.st.stm32cube.ide.mcu.externaltools.gnu-tools-for-stm32.7-2018-q2-update.win32_1.0.0.201904181610/tools/bin/../lib/gcc/arm-none-eabi/7.3.1/../../../../arm-none-eabi/lib/thumb/v7e-m/fpv4-sp/hard\libc_nano.a(lib_a-memset.o)
 .bss           0x0000000000000000        0x0 c:/st/stm32cubeide_1.3.0/stm32cubeide/plugins/com.st.stm32cube.ide.mcu.externaltools.gnu-tools-for-stm32.7-2018-q2-update.win32_1.0.0.201904181610/tools/bin/../lib/gcc/arm-none-eabi/7.3.1/../../../../arm-none-eabi/lib/thumb/v7e-m/fpv4-sp/hard\libc_nano.a(lib_a-memset.o)
 .text.memset   0x0000000000000000       0x10 c:/st/stm32cubeide_1.3.0/stm32cubeide/plugins/com.st.stm32cube.ide.mcu.externaltools.gnu-tools-for-stm32.7-2018-q2-update.win32_1.0.0.201904181610/tools/bin/../lib/gcc/arm-none-eabi/7.3.1/../../../../arm-none-eabi/lib/thumb/v7e-m/fpv4-sp/hard\libc_nano.a(lib_a-memset.o)
 .debug_frame   0x0000000000000000       0x20 c:/st/stm32cubeide_1.3.0/stm32cubeide/plugins/com.st.stm32cube.ide.mcu.externaltools.gnu-tools-for-stm32.7-2018-q2-update.win32_1.0.0.201904181610/tools/bin/../lib/gcc/arm-none-eabi/7.3.1/../../../../arm-none-eabi/lib/thumb/v7e-m/fpv4-sp/hard\libc_nano.a(lib_a-memset.o)
 .ARM.attributes
                0x0000000000000000       0x34 c:/st/stm32cubeide_1.3.0/stm32cubeide/plugins/com.st.stm32cube.ide.mcu.externaltools.gnu-tools-for-stm32.7-2018-q2-update.win32_1.0.0.201904181610/tools/bin/../lib/gcc/arm-none-eabi/7.3.1/../../../../arm-none-eabi/lib/thumb/v7e-m/fpv4-sp/hard\libc_nano.a(lib_a-memset.o)
 .data          0x0000000000000000        0x0 c:/st/stm32cubeide_1.3.0/stm32cubeide/plugins/com.st.stm32cube.ide.mcu.externaltools.gnu-tools-for-stm32.7-2018-q2-update.win32_1.0.0.201904181610/tools/bin/../lib/gcc/arm-none-eabi/7.3.1/../../../../arm-none-eabi/lib/thumb/v7e-m/fpv4-sp/hard\libc_nano.a(lib_a-strlen.o)
 .bss           0x0000000000000000        0x0 c:/st/stm32cubeide_1.3.0/stm32cubeide/plugins/com.st.stm32cube.ide.mcu.externaltools.gnu-tools-for-stm32.7-2018-q2-update.win32_1.0.0.201904181610/tools/bin/../lib/gcc/arm-none-eabi/7.3.1/../../../../arm-none-eabi/lib/thumb/v7e-m/fpv4-sp/hard\libc_nano.a(lib_a-strlen.o)
 .text          0x0000000000000000        0x0 c:/st/stm32cubeide_1.3.0/stm32cubeide/plugins/com.st.stm32cube.ide.mcu.externaltools.gnu-tools-for-stm32.7-2018-q2-update.win32_1.0.0.201904181610/tools/bin/../lib/gcc/arm-none-eabi/7.3.1/../../../../arm-none-eabi/lib/thumb/v7e-m/fpv4-sp/hard\libnosys.a(_exit.o)
 .data          0x0000000000000000        0x0 c:/st/stm32cubeide_1.3.0/stm32cubeide/plugins/com.st.stm32cube.ide.mcu.externaltools.gnu-tools-for-stm32.7-2018-q2-update.win32_1.0.0.201904181610/tools/bin/../lib/gcc/arm-none-eabi/7.3.1/../../../../arm-none-eabi/lib/thumb/v7e-m/fpv4-sp/hard\libnosys.a(_exit.o)
 .bss           0x0000000000000000        0x0 c:/st/stm32cubeide_1.3.0/stm32cubeide/plugins/com.st.stm32cube.ide.mcu.externaltools.gnu-tools-for-stm32.7-2018-q2-update.win32_1.0.0.201904181610/tools/bin/../lib/gcc/arm-none-eabi/7.3.1/../../../../arm-none-eabi/lib/thumb/v7e-m/fpv4-sp/hard\libnosys.a(_exit.o)
 .text._exit    0x0000000000000000        0x2 c:/st/stm32cubeide_1.3.0/stm32cubeide/plugins/com.st.stm32cube.ide.mcu.externaltools.gnu-tools-for-stm32.7-2018-q2-update.win32_1.0.0.201904181610/tools/bin/../lib/gcc/arm-none-eabi/7.3.1/../../../../arm-none-eabi/lib/thumb/v7e-m/fpv4-sp/hard\libnosys.a(_exit.o)
 .debug_frame   0x0000000000000000       0x20 c:/st/stm32cubeide_1.3.0/stm32cubeide/plugins/com.st.stm32cube.ide.mcu.externaltools.gnu-tools-for-stm32.7-2018-q2-update.win32_1.0.0.201904181610/tools/bin/../lib/gcc/arm-none-eabi/7.3.1/../../../../arm-none-eabi/lib/thumb/v7e-m/fpv4-sp/hard\libnosys.a(_exit.o)
 .ARM.attributes
                0x0000000000000000       0x34 c:/st/stm32cubeide_1.3.0/stm32cubeide/plugins/com.st.stm32cube.ide.mcu.externaltools.gnu-tools-for-stm32.7-2018-q2-update.win32_1.0.0.201904181610/tools/bin/../lib/gcc/arm-none-eabi/7.3.1/../../../../arm-none-eabi/lib/thumb/v7e-m/fpv4-sp/hard\libnosys.a(_exit.o)
 .text          0x0000000000000000        0x0 c:/st/stm32cubeide_1.3.0/stm32cubeide/plugins/com.st.stm32cube.ide.mcu.externaltools.gnu-tools-for-stm32.7-2018-q2-update.win32_1.0.0.201904181610/tools/bin/../lib/gcc/arm-none-eabi/7.3.1/thumb/v7e-m/fpv4-sp/hard/crtend.o
 .data          0x0000000000000000        0x0 c:/st/stm32cubeide_1.3.0/stm32cubeide/plugins/com.st.stm32cube.ide.mcu.externaltools.gnu-tools-for-stm32.7-2018-q2-update.win32_1.0.0.201904181610/tools/bin/../lib/gcc/arm-none-eabi/7.3.1/thumb/v7e-m/fpv4-sp/hard/crtend.o
 .bss           0x0000000000000000        0x0 c:/st/stm32cubeide_1.3.0/stm32cubeide/plugins/com.st.stm32cube.ide.mcu.externaltools.gnu-tools-for-stm32.7-2018-q2-update.win32_1.0.0.201904181610/tools/bin/../lib/gcc/arm-none-eabi/7.3.1/thumb/v7e-m/fpv4-sp/hard/crtend.o
 .eh_frame      0x0000000000000000        0x4 c:/st/stm32cubeide_1.3.0/stm32cubeide/plugins/com.st.stm32cube.ide.mcu.externaltools.gnu-tools-for-stm32.7-2018-q2-update.win32_1.0.0.201904181610/tools/bin/../lib/gcc/arm-none-eabi/7.3.1/thumb/v7e-m/fpv4-sp/hard/crtend.o
 .ARM.attributes
                0x0000000000000000       0x34 c:/st/stm32cubeide_1.3.0/stm32cubeide/plugins/com.st.stm32cube.ide.mcu.externaltools.gnu-tools-for-stm32.7-2018-q2-update.win32_1.0.0.201904181610/tools/bin/../lib/gcc/arm-none-eabi/7.3.1/thumb/v7e-m/fpv4-sp/hard/crtend.o
 .text          0x0000000000000000        0x0 c:/st/stm32cubeide_1.3.0/stm32cubeide/plugins/com.st.stm32cube.ide.mcu.externaltools.gnu-tools-for-stm32.7-2018-q2-update.win32_1.0.0.201904181610/tools/bin/../lib/gcc/arm-none-eabi/7.3.1/thumb/v7e-m/fpv4-sp/hard/crtn.o
 .data          0x0000000000000000        0x0 c:/st/stm32cubeide_1.3.0/stm32cubeide/plugins/com.st.stm32cube.ide.mcu.externaltools.gnu-tools-for-stm32.7-2018-q2-update.win32_1.0.0.201904181610/tools/bin/../lib/gcc/arm-none-eabi/7.3.1/thumb/v7e-m/fpv4-sp/hard/crtn.o
 .bss           0x0000000000000000        0x0 c:/st/stm32cubeide_1.3.0/stm32cubeide/plugins/com.st.stm32cube.ide.mcu.externaltools.gnu-tools-for-stm32.7-2018-q2-update.win32_1.0.0.201904181610/tools/bin/../lib/gcc/arm-none-eabi/7.3.1/thumb/v7e-m/fpv4-sp/hard/crtn.o

Memory Configuration

Name             Origin             Length             Attributes
RAM              0x0000000020000000 0x0000000000020000 xrw
ROM              0x0000000008000000 0x0000000000100000 xr
*default*        0x0000000000000000 0xffffffffffffffff

Linker script and memory map

LOAD c:/st/stm32cubeide_1.3.0/stm32cubeide/plugins/com.st.stm32cube.ide.mcu.externaltools.gnu-tools-for-stm32.7-2018-q2-update.win32_1.0.0.201904181610/tools/bin/../lib/gcc/arm-none-eabi/7.3.1/thumb/v7e-m/fpv4-sp/hard/crti.o
LOAD c:/st/stm32cubeide_1.3.0/stm32cubeide/plugins/com.st.stm32cube.ide.mcu.externaltools.gnu-tools-for-stm32.7-2018-q2-update.win32_1.0.0.201904181610/tools/bin/../lib/gcc/arm-none-eabi/7.3.1/thumb/v7e-m/fpv4-sp/hard/crtbegin.o
LOAD c:/st/stm32cubeide_1.3.0/stm32cubeide/plugins/com.st.stm32cube.ide.mcu.externaltools.gnu-tools-for-stm32.7-2018-q2-update.win32_1.0.0.201904181610/tools/bin/../lib/gcc/arm-none-eabi/7.3.1/../../../../arm-none-eabi/lib/thumb/v7e-m/fpv4-sp/hard/crt0.o
LOAD Startup/startup_stm32f407vgtx.o
LOAD drivers/src/stm32f407xx_gpio_driver.o
LOAD drivers/src/stm32f407xx_i2c_driver.o
LOAD drivers/src/stm32f407xx_rcc_driver.o
LOAD drivers/src/stm32f407xx_spi_driver.o
LOAD drivers/src/stm32f407xx_usart_driver.o
LOAD src/011uart_tx.o
START GROUP
LOAD c:/st/stm32cubeide_1.3.0/stm32cubeide/plugins/com.st.stm32cube.ide.mcu.externaltools.gnu-tools-for-stm32.7-2018-q2-update.win32_1.0.0.201904181610/tools/bin/../lib/gcc/arm-none-eabi/7.3.1/../../../../arm-none-eabi/lib/thumb/v7e-m/fpv4-sp/hard\libc_nano.a
LOAD c:/st/stm32cubeide_1.3.0/stm32cubeide/plugins/com.st.stm32cube.ide.mcu.externaltools.gnu-tools-for-stm32.7-2018-q2-update.win32_1.0.0.201904181610/tools/bin/../lib/gcc/arm-none-eabi/7.3.1/../../../../arm-none-eabi/lib/thumb/v7e-m/fpv4-sp/hard\libm.a
END GROUP
START GROUP
LOAD c:/st/stm32cubeide_1.3.0/stm32cubeide/plugins/com.st.stm32cube.ide.mcu.externaltools.gnu-tools-for-stm32.7-2018-q2-update.win32_1.0.0.201904181610/tools/bin/../lib/gcc/arm-none-eabi/7.3.1/thumb/v7e-m/fpv4-sp/hard\libgcc.a
LOAD c:/st/stm32cubeide_1.3.0/stm32cubeide/plugins/com.st.stm32cube.ide.mcu.externaltools.gnu-tools-for-stm32.7-2018-q2-update.win32_1.0.0.201904181610/tools/bin/../lib/gcc/arm-none-eabi/7.3.1/../../../../arm-none-eabi/lib/thumb/v7e-m/fpv4-sp/hard\libc_nano.a
END GROUP
START GROUP
LOAD c:/st/stm32cubeide_1.3.0/stm32cubeide/plugins/com.st.stm32cube.ide.mcu.externaltools.gnu-tools-for-stm32.7-2018-q2-update.win32_1.0.0.201904181610/tools/bin/../lib/gcc/arm-none-eabi/7.3.1/thumb/v7e-m/fpv4-sp/hard\libgcc.a
LOAD c:/st/stm32cubeide_1.3.0/stm32cubeide/plugins/com.st.stm32cube.ide.mcu.externaltools.gnu-tools-for-stm32.7-2018-q2-update.win32_1.0.0.201904181610/tools/bin/../lib/gcc/arm-none-eabi/7.3.1/../../../../arm-none-eabi/lib/thumb/v7e-m/fpv4-sp/hard\libc_nano.a
LOAD c:/st/stm32cubeide_1.3.0/stm32cubeide/plugins/com.st.stm32cube.ide.mcu.externaltools.gnu-tools-for-stm32.7-2018-q2-update.win32_1.0.0.201904181610/tools/bin/../lib/gcc/arm-none-eabi/7.3.1/../../../../arm-none-eabi/lib/thumb/v7e-m/fpv4-sp/hard\libnosys.a
END GROUP
START GROUP
LOAD c:/st/stm32cubeide_1.3.0/stm32cubeide/plugins/com.st.stm32cube.ide.mcu.externaltools.gnu-tools-for-stm32.7-2018-q2-update.win32_1.0.0.201904181610/tools/bin/../lib/gcc/arm-none-eabi/7.3.1/thumb/v7e-m/fpv4-sp/hard\libgcc.a
LOAD c:/st/stm32cubeide_1.3.0/stm32cubeide/plugins/com.st.stm32cube.ide.mcu.externaltools.gnu-tools-for-stm32.7-2018-q2-update.win32_1.0.0.201904181610/tools/bin/../lib/gcc/arm-none-eabi/7.3.1/../../../../arm-none-eabi/lib/thumb/v7e-m/fpv4-sp/hard\libc_nano.a
LOAD c:/st/stm32cubeide_1.3.0/stm32cubeide/plugins/com.st.stm32cube.ide.mcu.externaltools.gnu-tools-for-stm32.7-2018-q2-update.win32_1.0.0.201904181610/tools/bin/../lib/gcc/arm-none-eabi/7.3.1/../../../../arm-none-eabi/lib/thumb/v7e-m/fpv4-sp/hard\libnosys.a
END GROUP
LOAD c:/st/stm32cubeide_1.3.0/stm32cubeide/plugins/com.st.stm32cube.ide.mcu.externaltools.gnu-tools-for-stm32.7-2018-q2-update.win32_1.0.0.201904181610/tools/bin/../lib/gcc/arm-none-eabi/7.3.1/thumb/v7e-m/fpv4-sp/hard/crtend.o
LOAD c:/st/stm32cubeide_1.3.0/stm32cubeide/plugins/com.st.stm32cube.ide.mcu.externaltools.gnu-tools-for-stm32.7-2018-q2-update.win32_1.0.0.201904181610/tools/bin/../lib/gcc/arm-none-eabi/7.3.1/thumb/v7e-m/fpv4-sp/hard/crtn.o
                0x0000000020020000                _estack = (ORIGIN (RAM) + LENGTH (RAM))
                0x0000000000000200                _Min_Heap_Size = 0x200
                0x0000000000000400                _Min_Stack_Size = 0x400

.isr_vector     0x0000000008000000      0x1a8
                0x0000000008000000                . = ALIGN (0x4)
 *(.isr_vector)
 .isr_vector    0x0000000008000000      0x1a8 Startup/startup_stm32f407vgtx.o
                0x0000000008000000                g_pfnVectors
                0x00000000080001a8                . = ALIGN (0x4)

.text           0x00000000080001a8      0xdbc
                0x00000000080001a8                . = ALIGN (0x4)
 *(.text)
 .text          0x00000000080001a8       0x40 c:/st/stm32cubeide_1.3.0/stm32cubeide/plugins/com.st.stm32cube.ide.mcu.externaltools.gnu-tools-for-stm32.7-2018-q2-update.win32_1.0.0.201904181610/tools/bin/../lib/gcc/arm-none-eabi/7.3.1/thumb/v7e-m/fpv4-sp/hard/crtbegin.o
 .text          0x00000000080001e8       0x10 c:/st/stm32cubeide_1.3.0/stm32cubeide/plugins/com.st.stm32cube.ide.mcu.externaltools.gnu-tools-for-stm32.7-2018-q2-update.win32_1.0.0.201904181610/tools/bin/../lib/gcc/arm-none-eabi/7.3.1/../../../../arm-none-eabi/lib/thumb/v7e-m/fpv4-sp/hard\libc_nano.a(lib_a-strlen.o)
                0x00000000080001e8                strlen
 *(.text*)
 .text.Reset_Handler
                0x00000000080001f8       0x50 Startup/startup_stm32f407vgtx.o
                0x00000000080001f8                Reset_Handler
 .text.Default_Handler
                0x0000000008000248        0x2 Startup/startup_stm32f407vgtx.o
                0x0000000008000248                RTC_Alarm_IRQHandler
                0x0000000008000248                HASH_RNG_IRQHandler
                0x0000000008000248                EXTI2_IRQHandler
                0x0000000008000248                TIM8_CC_IRQHandler
                0x0000000008000248                DebugMon_Handler
                0x0000000008000248                TIM1_CC_IRQHandler
                0x0000000008000248                DMA2_Stream5_IRQHandler
                0x0000000008000248                HardFault_Handler
                0x0000000008000248                DMA1_Stream5_IRQHandler
                0x0000000008000248                SysTick_Handler
                0x0000000008000248                PVD_IRQHandler
                0x0000000008000248                SDIO_IRQHandler
                0x0000000008000248                TAMP_STAMP_IRQHandler
                0x0000000008000248                PendSV_Handler
                0x0000000008000248                NMI_Handler
                0x0000000008000248                CAN2_RX1_IRQHandler
                0x0000000008000248                EXTI3_IRQHandler
                0x0000000008000248                TIM8_TRG_COM_TIM14_IRQHandler
                0x0000000008000248                TIM1_UP_TIM10_IRQHandler
                0x0000000008000248                TIM8_UP_TIM13_IRQHandler
                0x0000000008000248                I2C3_ER_IRQHandler
                0x0000000008000248                LCD_TFT_IRQHandler
                0x0000000008000248                EXTI0_IRQHandler
                0x0000000008000248                I2C2_EV_IRQHandler
                0x0000000008000248                DMA1_Stream2_IRQHandler
                0x0000000008000248                CAN1_RX0_IRQHandler
                0x0000000008000248                FPU_IRQHandler
                0x0000000008000248                OTG_HS_WKUP_IRQHandler
                0x0000000008000248                UsageFault_Handler
                0x0000000008000248                CAN2_SCE_IRQHandler
                0x0000000008000248                DMA2_Stream2_IRQHandler
                0x0000000008000248                SPI1_IRQHandler
                0x0000000008000248                TIM6_DAC_IRQHandler
                0x0000000008000248                TIM1_BRK_TIM9_IRQHandler
                0x0000000008000248                DCMI_IRQHandler
                0x0000000008000248                CAN2_RX0_IRQHandler
                0x0000000008000248                DMA2_Stream3_IRQHandler
                0x0000000008000248                USART6_IRQHandler
                0x0000000008000248                USART3_IRQHandler
                0x0000000008000248                CRYP_IRQHandler
                0x0000000008000248                CAN1_RX1_IRQHandler
                0x0000000008000248                UART5_IRQHandler
                0x0000000008000248                DMA2_Stream0_IRQHandler
                0x0000000008000248                TIM4_IRQHandler
                0x0000000008000248                I2C1_EV_IRQHandler
                0x0000000008000248                DMA1_Stream6_IRQHandler
                0x0000000008000248                DMA1_Stream1_IRQHandler
                0x0000000008000248                UART4_IRQHandler
                0x0000000008000248                LCD_TFT_1_IRQHandler
                0x0000000008000248                TIM3_IRQHandler
                0x0000000008000248                RCC_IRQHandler
                0x0000000008000248                TIM8_BRK_TIM12_IRQHandler
                0x0000000008000248                Default_Handler
                0x0000000008000248                EXTI15_10_IRQHandler
                0x0000000008000248                ADC_IRQHandler
                0x0000000008000248                DMA1_Stream7_IRQHandler
                0x0000000008000248                TIM7_IRQHandler
                0x0000000008000248                CAN2_TX_IRQHandler
                0x0000000008000248                TIM5_IRQHandler
                0x0000000008000248                DMA2_Stream7_IRQHandler
                0x0000000008000248                I2C3_EV_IRQHandler
                0x0000000008000248                EXTI9_5_IRQHandler
                0x0000000008000248                RTC_WKUP_IRQHandler
                0x0000000008000248                ETH_WKUP_IRQHandler
                0x0000000008000248                SPI2_IRQHandler
                0x0000000008000248                OTG_HS_EP1_IN_IRQHandler
                0x0000000008000248                MemManage_Handler
                0x0000000008000248                DMA1_Stream0_IRQHandler
                0x0000000008000248                CAN1_TX_IRQHandler
                0x0000000008000248                SVC_Handler
                0x0000000008000248                EXTI4_IRQHandler
                0x0000000008000248                FSMC_IRQHandler
                0x0000000008000248                ETH_IRQHandler
                0x0000000008000248                OTG_HS_EP1_OUT_IRQHandler
                0x0000000008000248                WWDG_IRQHandler
                0x0000000008000248                TIM2_IRQHandler
                0x0000000008000248                OTG_FS_WKUP_IRQHandler
                0x0000000008000248                TIM1_TRG_COM_TIM11_IRQHandler
                0x0000000008000248                OTG_HS_IRQHandler
                0x0000000008000248                EXTI1_IRQHandler
                0x0000000008000248                USART2_IRQHandler
                0x0000000008000248                I2C2_ER_IRQHandler
                0x0000000008000248                DMA2_Stream1_IRQHandler
                0x0000000008000248                CAN1_SCE_IRQHandler
                0x0000000008000248                DMA2_Stream4_IRQHandler
                0x0000000008000248                BusFault_Handler
                0x0000000008000248                USART1_IRQHandler
                0x0000000008000248                OTG_FS_IRQHandler
                0x0000000008000248                SPI3_IRQHandler
                0x0000000008000248                DMA1_Stream4_IRQHandler
                0x0000000008000248                I2C1_ER_IRQHandler
                0x0000000008000248                DMA2_Stream6_IRQHandler
                0x0000000008000248                DMA1_Stream3_IRQHandler
 *fill*         0x000000000800024a        0x2 
 .text.GPIO_PeriClockControl
                0x000000000800024c      0x1d0 drivers/src/stm32f407xx_gpio_driver.o
                0x000000000800024c                GPIO_PeriClockControl
 .text.GPIO_Init
                0x000000000800041c      0x364 drivers/src/stm32f407xx_gpio_driver.o
                0x000000000800041c                GPIO_Init
 .text.GPIO_ReadFromInputPin
                0x0000000008000780       0x2c drivers/src/stm32f407xx_gpio_driver.o
                0x0000000008000780                GPIO_ReadFromInputPin
 .text.RCC_GetPLLOutputClock
                0x00000000080007ac       0x12 drivers/src/stm32f407xx_rcc_driver.o
                0x00000000080007ac                RCC_GetPLLOutputClock
 *fill*         0x00000000080007be        0x2 
 .text.RCC_GetPCLK1Value
                0x00000000080007c0       0xb4 drivers/src/stm32f407xx_rcc_driver.o
                0x00000000080007c0                RCC_GetPCLK1Value
 .text.RCC_GetPCLK2Value
                0x0000000008000874       0xb4 drivers/src/stm32f407xx_rcc_driver.o
                0x0000000008000874                RCC_GetPCLK2Value
 .text.USART_PeriClockControl
                0x0000000008000928      0x1a0 drivers/src/stm32f407xx_usart_driver.o
                0x0000000008000928                USART_PeriClockControl
 .text.USART_SetBaudRate
                0x0000000008000ac8       0xe4 drivers/src/stm32f407xx_usart_driver.o
                0x0000000008000ac8                USART_SetBaudRate
 .text.USART_Init
                0x0000000008000bac       0xfe drivers/src/stm32f407xx_usart_driver.o
                0x0000000008000bac                USART_Init
 .text.USART_SendData
                0x0000000008000caa       0x9a drivers/src/stm32f407xx_usart_driver.o
                0x0000000008000caa                USART_SendData
 .text.USART_PeripheralControl
                0x0000000008000d44       0x38 drivers/src/stm32f407xx_usart_driver.o
                0x0000000008000d44                USART_PeripheralControl
 .text.USART_GetFlagStatus
                0x0000000008000d7c       0x28 drivers/src/stm32f407xx_usart_driver.o
                0x0000000008000d7c                USART_GetFlagStatus
 .text.USART2_Init
                0x0000000008000da4       0x44 src/011uart_tx.o
                0x0000000008000da4                USART2_Init
 .text.USART2_GPIOInit
                0x0000000008000de8       0x44 src/011uart_tx.o
                0x0000000008000de8                USART2_GPIOInit
 .text.GPIO_ButtonInit
                0x0000000008000e2c       0x5c src/011uart_tx.o
                0x0000000008000e2c                GPIO_ButtonInit
 .text.delay    0x0000000008000e88       0x2c src/011uart_tx.o
                0x0000000008000e88                delay
 .text.main     0x0000000008000eb4       0x50 src/011uart_tx.o
                0x0000000008000eb4                main
 .text.__libc_init_array
                0x0000000008000f04       0x48 c:/st/stm32cubeide_1.3.0/stm32cubeide/plugins/com.st.stm32cube.ide.mcu.externaltools.gnu-tools-for-stm32.7-2018-q2-update.win32_1.0.0.201904181610/tools/bin/../lib/gcc/arm-none-eabi/7.3.1/../../../../arm-none-eabi/lib/thumb/v7e-m/fpv4-sp/hard\libc_nano.a(lib_a-init.o)
                0x0000000008000f04                __libc_init_array
 *(.glue_7)
 .glue_7        0x0000000008000f4c        0x0 linker stubs
 *(.glue_7t)
 .glue_7t       0x0000000008000f4c        0x0 linker stubs
 *(.eh_frame)
 .eh_frame      0x0000000008000f4c        0x0 c:/st/stm32cubeide_1.3.0/stm32cubeide/plugins/com.st.stm32cube.ide.mcu.externaltools.gnu-tools-for-stm32.7-2018-q2-update.win32_1.0.0.201904181610/tools/bin/../lib/gcc/arm-none-eabi/7.3.1/thumb/v7e-m/fpv4-sp/hard/crtbegin.o
 *(.init)
 .init          0x0000000008000f4c        0x4 c:/st/stm32cubeide_1.3.0/stm32cubeide/plugins/com.st.stm32cube.ide.mcu.externaltools.gnu-tools-for-stm32.7-2018-q2-update.win32_1.0.0.201904181610/tools/bin/../lib/gcc/arm-none-eabi/7.3.1/thumb/v7e-m/fpv4-sp/hard/crti.o
                0x0000000008000f4c                _init
 .init          0x0000000008000f50        0x8 c:/st/stm32cubeide_1.3.0/stm32cubeide/plugins/com.st.stm32cube.ide.mcu.externaltools.gnu-tools-for-stm32.7-2018-q2-update.win32_1.0.0.201904181610/tools/bin/../lib/gcc/arm-none-eabi/7.3.1/thumb/v7e-m/fpv4-sp/hard/crtn.o
 *(.fini)
 .fini          0x0000000008000f58        0x4 c:/st/stm32cubeide_1.3.0/stm32cubeide/plugins/com.st.stm32cube.ide.mcu.externaltools.gnu-tools-for-stm32.7-2018-q2-update.win32_1.0.0.201904181610/tools/bin/../lib/gcc/arm-none-eabi/7.3.1/thumb/v7e-m/fpv4-sp/hard/crti.o
                0x0000000008000f58                _fini
 .fini          0x0000000008000f5c        0x8 c:/st/stm32cubeide_1.3.0/stm32cubeide/plugins/com.st.stm32cube.ide.mcu.externaltools.gnu-tools-for-stm32.7-2018-q2-update.win32_1.0.0.201904181610/tools/bin/../lib/gcc/arm-none-eabi/7.3.1/thumb/v7e-m/fpv4-sp/hard/crtn.o
                0x0000000008000f64                . = ALIGN (0x4)
                0x0000000008000f64                _etext = .

.vfp11_veneer   0x0000000008000f64        0x0
 .vfp11_veneer  0x0000000008000f64        0x0 linker stubs

.v4_bx          0x0000000008000f64        0x0
 .v4_bx         0x0000000008000f64        0x0 linker stubs

.iplt           0x0000000008000f64        0x0
 .iplt          0x0000000008000f64        0x0 c:/st/stm32cubeide_1.3.0/stm32cubeide/plugins/com.st.stm32cube.ide.mcu.externaltools.gnu-tools-for-stm32.7-2018-q2-update.win32_1.0.0.201904181610/tools/bin/../lib/gcc/arm-none-eabi/7.3.1/thumb/v7e-m/fpv4-sp/hard/crtbegin.o

.rel.dyn        0x0000000008000f64        0x0
 .rel.iplt      0x0000000008000f64        0x0 c:/st/stm32cubeide_1.3.0/stm32cubeide/plugins/com.st.stm32cube.ide.mcu.externaltools.gnu-tools-for-stm32.7-2018-q2-update.win32_1.0.0.201904181610/tools/bin/../lib/gcc/arm-none-eabi/7.3.1/thumb/v7e-m/fpv4-sp/hard/crtbegin.o

.rodata         0x0000000008000f64        0x0
                0x0000000008000f64                . = ALIGN (0x4)
 *(.rodata)
 *(.rodata*)
                0x0000000008000f64                . = ALIGN (0x4)

.ARM.extab      0x0000000008000f64        0x0
                0x0000000008000f64                . = ALIGN (0x4)
 *(.ARM.extab* .gnu.linkonce.armextab.*)
                0x0000000008000f64                . = ALIGN (0x4)

.ARM            0x0000000008000f64        0x0
                0x0000000008000f64                . = ALIGN (0x4)
                0x0000000008000f64                __exidx_start = .
 *(.ARM.exidx*)
                0x0000000008000f64                __exidx_end = .
                0x0000000008000f64                . = ALIGN (0x4)

.preinit_array  0x0000000008000f64        0x0
                0x0000000008000f64                . = ALIGN (0x4)
                0x0000000008000f64                PROVIDE (__preinit_array_start = .)
 *(.preinit_array*)
                0x0000000008000f64                PROVIDE (__preinit_array_end = .)
                0x0000000008000f64                . = ALIGN (0x4)

.init_array     0x0000000008000f64        0x4
                0x0000000008000f64                . = ALIGN (0x4)
                0x0000000008000f64                PROVIDE (__init_array_start = .)
 *(SORT_BY_NAME(.init_array.*))
 *(.init_array*)
 .init_array    0x0000000008000f64        0x4 c:/st/stm32cubeide_1.3.0/stm32cubeide/plugins/com.st.stm32cube.ide.mcu.externaltools.gnu-tools-for-stm32.7-2018-q2-update.win32_1.0.0.201904181610/tools/bin/../lib/gcc/arm-none-eabi/7.3.1/thumb/v7e-m/fpv4-sp/hard/crtbegin.o
                0x0000000008000f68                PROVIDE (__init_array_end = .)
                0x0000000008000f68                . = ALIGN (0x4)

.fini_array     0x0000000008000f68        0x4
                0x0000000008000f68                . = ALIGN (0x4)
                [!provide]                        PROVIDE (__fini_array_start = .)
 *(SORT_BY_NAME(.fini_array.*))
 *(.fini_array*)
 .fini_array    0x0000000008000f68        0x4 c:/st/stm32cubeide_1.3.0/stm32cubeide/plugins/com.st.stm32cube.ide.mcu.externaltools.gnu-tools-for-stm32.7-2018-q2-update.win32_1.0.0.201904181610/tools/bin/../lib/gcc/arm-none-eabi/7.3.1/thumb/v7e-m/fpv4-sp/hard/crtbegin.o
                [!provide]                        PROVIDE (__fini_array_end = .)
                0x0000000008000f6c                . = ALIGN (0x4)
                0x0000000008000f6c                _sidata = LOADADDR (.data)

.data           0x0000000020000000      0x430 load address 0x0000000008000f6c
                0x0000000020000000                . = ALIGN (0x4)
                0x0000000020000000                _sdata = .
 *(.data)
 *(.data*)
 .data.AHB_PreScaler
                0x0000000020000000       0x10 drivers/src/stm32f407xx_rcc_driver.o
                0x0000000020000000                AHB_PreScaler
 .data.APB1_PreScaler
                0x0000000020000010       0x10 drivers/src/stm32f407xx_rcc_driver.o
                0x0000000020000010                APB1_PreScaler
 .data.APB2_PreScaler
                0x0000000020000020       0x10 drivers/src/stm32f407xx_rcc_driver.o
                0x0000000020000020                APB2_PreScaler
 .data.msg      0x0000000020000030      0x400 src/011uart_tx.o
                0x0000000020000030                msg
                0x0000000020000430                . = ALIGN (0x4)
                0x0000000020000430                _edata = .

.igot.plt       0x0000000020000430        0x0 load address 0x000000000800139c
 .igot.plt      0x0000000020000430        0x0 c:/st/stm32cubeide_1.3.0/stm32cubeide/plugins/com.st.stm32cube.ide.mcu.externaltools.gnu-tools-for-stm32.7-2018-q2-update.win32_1.0.0.201904181610/tools/bin/../lib/gcc/arm-none-eabi/7.3.1/thumb/v7e-m/fpv4-sp/hard/crtbegin.o
                0x0000000020000430                . = ALIGN (0x4)

.bss            0x0000000020000430       0x40 load address 0x000000000800139c
                0x0000000020000430                _sbss = .
                0x0000000020000430                __bss_start__ = _sbss
 *(.bss)
 .bss           0x0000000020000430       0x1c c:/st/stm32cubeide_1.3.0/stm32cubeide/plugins/com.st.stm32cube.ide.mcu.externaltools.gnu-tools-for-stm32.7-2018-q2-update.win32_1.0.0.201904181610/tools/bin/../lib/gcc/arm-none-eabi/7.3.1/thumb/v7e-m/fpv4-sp/hard/crtbegin.o
 *(.bss*)
 *(COMMON)
 COMMON         0x000000002000044c       0x24 src/011uart_tx.o
                0x000000002000044c                usart2_handle
                0x0000000020000470                . = ALIGN (0x4)
                0x0000000020000470                _ebss = .
                0x0000000020000470                __bss_end__ = _ebss

._user_heap_stack
                0x0000000020000470      0x600 load address 0x000000000800139c
                0x0000000020000470                . = ALIGN (0x8)
                [!provide]                        PROVIDE (end = .)
                [!provide]                        PROVIDE (_end = .)
                0x0000000020000670                . = (. + _Min_Heap_Size)
 *fill*         0x0000000020000470      0x200 
                0x0000000020000a70                . = (. + _Min_Stack_Size)
 *fill*         0x0000000020000670      0x400 
                0x0000000020000a70                . = ALIGN (0x8)

/DISCARD/
 libc.a(*)
 libm.a(*)
 libgcc.a(*)

.ARM.attributes
                0x0000000000000000       0x30
 *(.ARM.attributes)
 .ARM.attributes
                0x0000000000000000       0x22 c:/st/stm32cubeide_1.3.0/stm32cubeide/plugins/com.st.stm32cube.ide.mcu.externaltools.gnu-tools-for-stm32.7-2018-q2-update.win32_1.0.0.201904181610/tools/bin/../lib/gcc/arm-none-eabi/7.3.1/thumb/v7e-m/fpv4-sp/hard/crti.o
 .ARM.attributes
                0x0000000000000022       0x34 c:/st/stm32cubeide_1.3.0/stm32cubeide/plugins/com.st.stm32cube.ide.mcu.externaltools.gnu-tools-for-stm32.7-2018-q2-update.win32_1.0.0.201904181610/tools/bin/../lib/gcc/arm-none-eabi/7.3.1/thumb/v7e-m/fpv4-sp/hard/crtbegin.o
 .ARM.attributes
                0x0000000000000056       0x21 Startup/startup_stm32f407vgtx.o
 .ARM.attributes
                0x0000000000000077       0x39 drivers/src/stm32f407xx_gpio_driver.o
 .ARM.attributes
                0x00000000000000b0       0x39 drivers/src/stm32f407xx_rcc_driver.o
 .ARM.attributes
                0x00000000000000e9       0x39 drivers/src/stm32f407xx_usart_driver.o
 .ARM.attributes
                0x0000000000000122       0x39 src/011uart_tx.o
 .ARM.attributes
                0x000000000000015b       0x34 c:/st/stm32cubeide_1.3.0/stm32cubeide/plugins/com.st.stm32cube.ide.mcu.externaltools.gnu-tools-for-stm32.7-2018-q2-update.win32_1.0.0.201904181610/tools/bin/../lib/gcc/arm-none-eabi/7.3.1/../../../../arm-none-eabi/lib/thumb/v7e-m/fpv4-sp/hard\libc_nano.a(lib_a-init.o)
 .ARM.attributes
                0x000000000000018f       0x1b c:/st/stm32cubeide_1.3.0/stm32cubeide/plugins/com.st.stm32cube.ide.mcu.externaltools.gnu-tools-for-stm32.7-2018-q2-update.win32_1.0.0.201904181610/tools/bin/../lib/gcc/arm-none-eabi/7.3.1/../../../../arm-none-eabi/lib/thumb/v7e-m/fpv4-sp/hard\libc_nano.a(lib_a-strlen.o)
 .ARM.attributes
                0x00000000000001aa       0x22 c:/st/stm32cubeide_1.3.0/stm32cubeide/plugins/com.st.stm32cube.ide.mcu.externaltools.gnu-tools-for-stm32.7-2018-q2-update.win32_1.0.0.201904181610/tools/bin/../lib/gcc/arm-none-eabi/7.3.1/thumb/v7e-m/fpv4-sp/hard/crtn.o
OUTPUT(stm32f407xx_drivers.elf elf32-littlearm)

.debug_line     0x0000000000000000     0x1a90
 .debug_line    0x0000000000000000       0x84 Startup/startup_stm32f407vgtx.o
 .debug_line    0x0000000000000084      0x6ce drivers/src/stm32f407xx_gpio_driver.o
 .debug_line    0x0000000000000752      0x4d7 drivers/src/stm32f407xx_rcc_driver.o
 .debug_line    0x0000000000000c29      0x764 drivers/src/stm32f407xx_usart_driver.o
 .debug_line    0x000000000000138d      0x703 src/011uart_tx.o

.debug_info     0x0000000000000000     0x1eba
 .debug_info    0x0000000000000000       0x22 Startup/startup_stm32f407vgtx.o
 .debug_info    0x0000000000000022      0x711 drivers/src/stm32f407xx_gpio_driver.o
 .debug_info    0x0000000000000733      0x39d drivers/src/stm32f407xx_rcc_driver.o
 .debug_info    0x0000000000000ad0      0x7f9 drivers/src/stm32f407xx_usart_driver.o
 .debug_info    0x00000000000012c9      0xbf1 src/011uart_tx.o

.debug_abbrev   0x0000000000000000      0x59f
 .debug_abbrev  0x0000000000000000       0x12 Startup/startup_stm32f407vgtx.o
 .debug_abbrev  0x0000000000000012      0x157 drivers/src/stm32f407xx_gpio_driver.o
 .debug_abbrev  0x0000000000000169       0xd2 drivers/src/stm32f407xx_rcc_driver.o
 .debug_abbrev  0x000000000000023b      0x15a drivers/src/stm32f407xx_usart_driver.o
 .debug_abbrev  0x0000000000000395      0x20a src/011uart_tx.o

.debug_aranges  0x0000000000000000      0x198
 .debug_aranges
                0x0000000000000000       0x28 Startup/startup_stm32f407vgtx.o
 .debug_aranges
                0x0000000000000028       0x70 drivers/src/stm32f407xx_gpio_driver.o
 .debug_aranges
                0x0000000000000098       0x30 drivers/src/stm32f407xx_rcc_driver.o
 .debug_aranges
                0x00000000000000c8       0x90 drivers/src/stm32f407xx_usart_driver.o
 .debug_aranges
                0x0000000000000158       0x40 src/011uart_tx.o

.debug_str      0x0000000000000000     0xbe4e
 .debug_str     0x0000000000000000       0x7b Startup/startup_stm32f407vgtx.o
 .debug_str     0x000000000000007b     0x78fa drivers/src/stm32f407xx_gpio_driver.o
                                       0x7b67 (size before relaxing)
 .debug_str     0x0000000000007975       0xbc drivers/src/stm32f407xx_rcc_driver.o
                                       0x7998 (size before relaxing)
 .debug_str     0x0000000000007a31      0x292 drivers/src/stm32f407xx_usart_driver.o
                                       0x7bc3 (size before relaxing)
 .debug_str     0x0000000000007cc3     0x418b src/011uart_tx.o
                                       0xbb3b (size before relaxing)

.debug_ranges   0x0000000000000000      0x168
 .debug_ranges  0x0000000000000000       0x20 Startup/startup_stm32f407vgtx.o
 .debug_ranges  0x0000000000000020       0x78 drivers/src/stm32f407xx_gpio_driver.o
 .debug_ranges  0x0000000000000098       0x20 drivers/src/stm32f407xx_rcc_driver.o
 .debug_ranges  0x00000000000000b8       0x80 drivers/src/stm32f407xx_usart_driver.o
 .debug_ranges  0x0000000000000138       0x30 src/011uart_tx.o

.debug_macro    0x0000000000000000     0x2f7b
 .debug_macro   0x0000000000000000       0xc2 drivers/src/stm32f407xx_gpio_driver.o
 .debug_macro   0x00000000000000c2      0xa66 drivers/src/stm32f407xx_gpio_driver.o
 .debug_macro   0x0000000000000b28      0x174 drivers/src/stm32f407xx_gpio_driver.o
 .debug_macro   0x0000000000000c9c       0x22 drivers/src/stm32f407xx_gpio_driver.o
 .debug_macro   0x0000000000000cbe       0x8e drivers/src/stm32f407xx_gpio_driver.o
 .debug_macro   0x0000000000000d4c       0x51 drivers/src/stm32f407xx_gpio_driver.o
 .debug_macro   0x0000000000000d9d       0xef drivers/src/stm32f407xx_gpio_driver.o
 .debug_macro   0x0000000000000e8c       0x6a drivers/src/stm32f407xx_gpio_driver.o
 .debug_macro   0x0000000000000ef6      0x1df drivers/src/stm32f407xx_gpio_driver.o
 .debug_macro   0x00000000000010d5      0x8ea drivers/src/stm32f407xx_gpio_driver.o
 .debug_macro   0x00000000000019bf       0xe2 drivers/src/stm32f407xx_gpio_driver.o
 .debug_macro   0x0000000000001aa1       0xe2 drivers/src/stm32f407xx_gpio_driver.o
 .debug_macro   0x0000000000001b83      0x136 drivers/src/stm32f407xx_gpio_driver.o
 .debug_macro   0x0000000000001cb9       0xc4 drivers/src/stm32f407xx_gpio_driver.o
 .debug_macro   0x0000000000001d7d       0xbc drivers/src/stm32f407xx_rcc_driver.o
 .debug_macro   0x0000000000001e39       0xc2 drivers/src/stm32f407xx_usart_driver.o
 .debug_macro   0x0000000000001efb      0x130 drivers/src/stm32f407xx_usart_driver.o
 .debug_macro   0x000000000000202b      0x238 src/011uart_tx.o
 .debug_macro   0x0000000000002263       0x40 src/011uart_tx.o
 .debug_macro   0x00000000000022a3       0x18 src/011uart_tx.o
 .debug_macro   0x00000000000022bb       0x94 src/011uart_tx.o
 .debug_macro   0x000000000000234f       0x3c src/011uart_tx.o
 .debug_macro   0x000000000000238b       0x34 src/011uart_tx.o
 .debug_macro   0x00000000000023bf       0x16 src/011uart_tx.o
 .debug_macro   0x00000000000023d5       0x57 src/011uart_tx.o
 .debug_macro   0x000000000000242c       0x97 src/011uart_tx.o
 .debug_macro   0x00000000000024c3      0x330 src/011uart_tx.o
 .debug_macro   0x00000000000027f3       0xfd src/011uart_tx.o
 .debug_macro   0x00000000000028f0       0x10 src/011uart_tx.o
 .debug_macro   0x0000000000002900       0x52 src/011uart_tx.o
 .debug_macro   0x0000000000002952       0x1f src/011uart_tx.o
 .debug_macro   0x0000000000002971       0x43 src/011uart_tx.o
 .debug_macro   0x00000000000029b4       0x20 src/011uart_tx.o
 .debug_macro   0x00000000000029d4      0x1a3 src/011uart_tx.o
 .debug_macro   0x0000000000002b77       0x10 src/011uart_tx.o
 .debug_macro   0x0000000000002b87       0x1c src/011uart_tx.o
 .debug_macro   0x0000000000002ba3       0x52 src/011uart_tx.o
 .debug_macro   0x0000000000002bf5       0x40 src/011uart_tx.o
 .debug_macro   0x0000000000002c35       0x10 src/011uart_tx.o
 .debug_macro   0x0000000000002c45       0x40 src/011uart_tx.o
 .debug_macro   0x0000000000002c85       0xd7 src/011uart_tx.o
 .debug_macro   0x0000000000002d5c       0x1c src/011uart_tx.o
 .debug_macro   0x0000000000002d78       0x3d src/011uart_tx.o
 .debug_macro   0x0000000000002db5       0x16 src/011uart_tx.o
 .debug_macro   0x0000000000002dcb      0x145 src/011uart_tx.o
 .debug_macro   0x0000000000002f10       0x16 src/011uart_tx.o
 .debug_macro   0x0000000000002f26       0x35 src/011uart_tx.o
 .debug_macro   0x0000000000002f5b       0x20 src/011uart_tx.o

.comment        0x0000000000000000       0x7b
 .comment       0x0000000000000000       0x7b drivers/src/stm32f407xx_gpio_driver.o
                                         0x7c (size before relaxing)
 .comment       0x000000000000007b       0x7c drivers/src/stm32f407xx_rcc_driver.o
 .comment       0x000000000000007b       0x7c drivers/src/stm32f407xx_usart_driver.o
 .comment       0x000000000000007b       0x7c src/011uart_tx.o

.debug_frame    0x0000000000000000      0x57c
 .debug_frame   0x0000000000000000      0x1c8 drivers/src/stm32f407xx_gpio_driver.o
 .debug_frame   0x00000000000001c8       0x78 drivers/src/stm32f407xx_rcc_driver.o
 .debug_frame   0x0000000000000240      0x258 drivers/src/stm32f407xx_usart_driver.o
 .debug_frame   0x0000000000000498       0xb8 src/011uart_tx.o
 .debug_frame   0x0000000000000550       0x2c c:/st/stm32cubeide_1.3.0/stm32cubeide/plugins/com.st.stm32cube.ide.mcu.externaltools.gnu-tools-for-stm32.7-2018-q2-update.win32_1.0.0.201904181610/tools/bin/../lib/gcc/arm-none-eabi/7.3.1/../../../../arm-none-eabi/lib/thumb/v7e-m/fpv4-sp/hard\libc_nano.a(lib_a-init.o)
