stm32f407xx_spi_driver.c:29:6:SPI_PeriClockControl	16	static
stm32f407xx_spi_driver.c:73:6:SPI_Init	24	static
stm32f407xx_spi_driver.c:135:6:SPI_DeInit	16	static
stm32f407xx_spi_driver.c:162:9:SPI_GetFlagStatus	16	static
stm32f407xx_spi_driver.c:188:6:SPI_SendData	24	static
stm32f407xx_spi_driver.c:228:6:SPI_ReceiveData	24	static
stm32f407xx_spi_driver.c:267:6:SPI_PeripheralControl	16	static
stm32f407xx_spi_driver.c:291:6:SPI_SSOEConfig	16	static
stm32f407xx_spi_driver.c:315:6:SPI_SSIConfig	16	static
stm32f407xx_spi_driver.c:342:6:SPI_IRQInterruptConfig	16	static
stm32f407xx_spi_driver.c:393:6:SPI_IRQPriorityConfig	24	static
stm32f407xx_spi_driver.c:417:6:SPI_IRQHandling	24	static
stm32f407xx_spi_driver.c:468:9:SPI_SendDataIT	32	static
stm32f407xx_spi_driver.c:504:9:SPI_ReceiveDataIT	32	static
stm32f407xx_spi_driver.c:539:13:spi_txe_interrupt_handle	16	static
stm32f407xx_spi_driver.c:580:13:spi_rxne_interrupt_handle	16	static
stm32f407xx_spi_driver.c:620:13:spi_ovr_interrupt_handle	24	static
stm32f407xx_spi_driver.c:648:6:SPI_ClearOVRFlag	24	static
stm32f407xx_spi_driver.c:669:6:SPI_CloseTransmission	16	static
stm32f407xx_spi_driver.c:689:6:SPI_CloseReception	16	static
stm32f407xx_spi_driver.c:710:13:SPI_ApplicationEventCallback	16	static
